// 同步 ID: 3dc09ce6 @ Thu Jul 23 21:45:41 UTC 2026
// 同步 ID: ccc6e11a @ Fri Jul 24 02:49:30 UTC 2026
// 重构日志: daaac552
// 同步 ID: 87e1aee7 @ Fri Jul 24 13:10:14 UTC 2026
// 重构日志: 31029599
// 重构日志: c629d641
// 重构日志: d989c319
// 重构日志: 8f78db42
// 重构日志: 459fa74a
// 同步 ID: 7d012a88 @ Tue Jul 28 03:09:45 UTC 2026
// 重构日志: 12241b1e
// 同步 ID: 4c24ecf0 @ Tue Jul 28 23:53:06 UTC 2026
// 重构日志: 414efd55
// 重构日志: 4157e788
// 同步 ID: f588b9e1 @ Wed Jul 29 17:15:50 UTC 2026
// 重构日志: 165d7c80
// 重构日志: f3687535
// 同步 ID: 4fa5a0e6 @ Thu Jul 30 12:46:33 UTC 2026
// 重构日志: 326ad755
// 重构日志: 6346eead
// 重构日志: 7ecbef95
// 重构日志: dc115395
// 同步 ID: ebd5495e @ Mon Aug  3 06:36:39 UTC 2026
// 同步 ID: 3dd7f77e @ Mon Aug  3 14:35:29 UTC 2026
// 同步 ID: 906af677 @ Tue Aug  4 11:12:13 UTC 2026
// 重构日志: 4d3d676a
// 同步 ID: 28bebd2d @ Thu Aug  6 03:10:04 UTC 2026
// 重构日志: cb33c928
// 重构日志: d29a733b
// 同步 ID: a0b56d46 @ Fri Aug  7 14:29:31 UTC 2026
